Archive member included to satisfy reference by file (symbol)

c:/ac6/systemworkbench/plugins/fr.ac6.mcu.externaltools.arm-none.win32_1.15.0.201708311556/tools/compiler/bin/../lib/gcc/arm-none-eabi/6.3.1/../../../../arm-none-eabi/lib/thumb/v7e-m\libm.a(lib_a-s_sin.o)
                              src/main.o (sin)
c:/ac6/systemworkbench/plugins/fr.ac6.mcu.externaltools.arm-none.win32_1.15.0.201708311556/tools/compiler/bin/../lib/gcc/arm-none-eabi/6.3.1/../../../../arm-none-eabi/lib/thumb/v7e-m\libm.a(lib_a-e_rem_pio2.o)
                              c:/ac6/systemworkbench/plugins/fr.ac6.mcu.externaltools.arm-none.win32_1.15.0.201708311556/tools/compiler/bin/../lib/gcc/arm-none-eabi/6.3.1/../../../../arm-none-eabi/lib/thumb/v7e-m\libm.a(lib_a-s_sin.o) (__ieee754_rem_pio2)
c:/ac6/systemworkbench/plugins/fr.ac6.mcu.externaltools.arm-none.win32_1.15.0.201708311556/tools/compiler/bin/../lib/gcc/arm-none-eabi/6.3.1/../../../../arm-none-eabi/lib/thumb/v7e-m\libm.a(lib_a-k_cos.o)
                              c:/ac6/systemworkbench/plugins/fr.ac6.mcu.externaltools.arm-none.win32_1.15.0.201708311556/tools/compiler/bin/../lib/gcc/arm-none-eabi/6.3.1/../../../../arm-none-eabi/lib/thumb/v7e-m\libm.a(lib_a-s_sin.o) (__kernel_cos)
c:/ac6/systemworkbench/plugins/fr.ac6.mcu.externaltools.arm-none.win32_1.15.0.201708311556/tools/compiler/bin/../lib/gcc/arm-none-eabi/6.3.1/../../../../arm-none-eabi/lib/thumb/v7e-m\libm.a(lib_a-k_rem_pio2.o)
                              c:/ac6/systemworkbench/plugins/fr.ac6.mcu.externaltools.arm-none.win32_1.15.0.201708311556/tools/compiler/bin/../lib/gcc/arm-none-eabi/6.3.1/../../../../arm-none-eabi/lib/thumb/v7e-m\libm.a(lib_a-e_rem_pio2.o) (__kernel_rem_pio2)
c:/ac6/systemworkbench/plugins/fr.ac6.mcu.externaltools.arm-none.win32_1.15.0.201708311556/tools/compiler/bin/../lib/gcc/arm-none-eabi/6.3.1/../../../../arm-none-eabi/lib/thumb/v7e-m\libm.a(lib_a-k_sin.o)
                              c:/ac6/systemworkbench/plugins/fr.ac6.mcu.externaltools.arm-none.win32_1.15.0.201708311556/tools/compiler/bin/../lib/gcc/arm-none-eabi/6.3.1/../../../../arm-none-eabi/lib/thumb/v7e-m\libm.a(lib_a-s_sin.o) (__kernel_sin)
c:/ac6/systemworkbench/plugins/fr.ac6.mcu.externaltools.arm-none.win32_1.15.0.201708311556/tools/compiler/bin/../lib/gcc/arm-none-eabi/6.3.1/../../../../arm-none-eabi/lib/thumb/v7e-m\libm.a(lib_a-s_fabs.o)
                              c:/ac6/systemworkbench/plugins/fr.ac6.mcu.externaltools.arm-none.win32_1.15.0.201708311556/tools/compiler/bin/../lib/gcc/arm-none-eabi/6.3.1/../../../../arm-none-eabi/lib/thumb/v7e-m\libm.a(lib_a-e_rem_pio2.o) (fabs)
c:/ac6/systemworkbench/plugins/fr.ac6.mcu.externaltools.arm-none.win32_1.15.0.201708311556/tools/compiler/bin/../lib/gcc/arm-none-eabi/6.3.1/../../../../arm-none-eabi/lib/thumb/v7e-m\libm.a(lib_a-s_floor.o)
                              c:/ac6/systemworkbench/plugins/fr.ac6.mcu.externaltools.arm-none.win32_1.15.0.201708311556/tools/compiler/bin/../lib/gcc/arm-none-eabi/6.3.1/../../../../arm-none-eabi/lib/thumb/v7e-m\libm.a(lib_a-k_rem_pio2.o) (floor)
c:/ac6/systemworkbench/plugins/fr.ac6.mcu.externaltools.arm-none.win32_1.15.0.201708311556/tools/compiler/bin/../lib/gcc/arm-none-eabi/6.3.1/../../../../arm-none-eabi/lib/thumb/v7e-m\libm.a(lib_a-s_scalbn.o)
                              c:/ac6/systemworkbench/plugins/fr.ac6.mcu.externaltools.arm-none.win32_1.15.0.201708311556/tools/compiler/bin/../lib/gcc/arm-none-eabi/6.3.1/../../../../arm-none-eabi/lib/thumb/v7e-m\libm.a(lib_a-k_rem_pio2.o) (scalbn)
c:/ac6/systemworkbench/plugins/fr.ac6.mcu.externaltools.arm-none.win32_1.15.0.201708311556/tools/compiler/bin/../lib/gcc/arm-none-eabi/6.3.1/../../../../arm-none-eabi/lib/thumb/v7e-m\libm.a(lib_a-s_copysign.o)
                              c:/ac6/systemworkbench/plugins/fr.ac6.mcu.externaltools.arm-none.win32_1.15.0.201708311556/tools/compiler/bin/../lib/gcc/arm-none-eabi/6.3.1/../../../../arm-none-eabi/lib/thumb/v7e-m\libm.a(lib_a-s_scalbn.o) (copysign)
c:/ac6/systemworkbench/plugins/fr.ac6.mcu.externaltools.arm-none.win32_1.15.0.201708311556/tools/compiler/bin/../lib/gcc/arm-none-eabi/6.3.1/thumb/v7e-m\libgcc.a(_arm_addsubdf3.o)
                              c:/ac6/systemworkbench/plugins/fr.ac6.mcu.externaltools.arm-none.win32_1.15.0.201708311556/tools/compiler/bin/../lib/gcc/arm-none-eabi/6.3.1/../../../../arm-none-eabi/lib/thumb/v7e-m\libm.a(lib_a-s_sin.o) (__aeabi_dsub)
c:/ac6/systemworkbench/plugins/fr.ac6.mcu.externaltools.arm-none.win32_1.15.0.201708311556/tools/compiler/bin/../lib/gcc/arm-none-eabi/6.3.1/thumb/v7e-m\libgcc.a(_arm_muldivdf3.o)
                              src/main.o (__aeabi_dmul)
c:/ac6/systemworkbench/plugins/fr.ac6.mcu.externaltools.arm-none.win32_1.15.0.201708311556/tools/compiler/bin/../lib/gcc/arm-none-eabi/6.3.1/thumb/v7e-m\libgcc.a(_arm_cmpdf2.o)
                              src/tm_stm32f4_timer_properties.o (__aeabi_dcmpeq)
[...]
Memory Configuration

Name             Origin             Length             Attributes
FLASH            0x08000000         0x00100000         xr
RAM              0x20000000         0x00030000         xrw
MEMORY_B1        0x60000000         0x00000000         xr
*default*        0x00000000         0xffffffff

Linker script and memory map

LOAD c:/ac6/systemworkbench/plugins/fr.ac6.mcu.externaltools.arm-none.win32_1.15.0.201708311556/tools/compiler/bin/../lib/gcc/arm-none-eabi/6.3.1/thumb/v7e-m/crti.o
LOAD c:/ac6/systemworkbench/plugins/fr.ac6.mcu.externaltools.arm-none.win32_1.15.0.201708311556/tools/compiler/bin/../lib/gcc/arm-none-eabi/6.3.1/thumb/v7e-m/crtbegin.o
LOAD c:/ac6/systemworkbench/plugins/fr.ac6.mcu.externaltools.arm-none.win32_1.15.0.201708311556/tools/compiler/bin/../lib/gcc/arm-none-eabi/6.3.1/../../../../arm-none-eabi/lib/thumb/v7e-m/crt0.o
LOAD StdPeriph_Driver/src/misc.o
LOAD StdPeriph_Driver/src/stm32f4xx_adc.o
LOAD StdPeriph_Driver/src/stm32f4xx_can.o
LOAD StdPeriph_Driver/src/stm32f4xx_crc.o
LOAD StdPeriph_Driver/src/stm32f4xx_cryp.o
LOAD StdPeriph_Driver/src/stm32f4xx_cryp_aes.o
LOAD StdPeriph_Driver/src/stm32f4xx_cryp_des.o
LOAD StdPeriph_Driver/src/stm32f4xx_cryp_tdes.o
LOAD StdPeriph_Driver/src/stm32f4xx_dac.o
LOAD StdPeriph_Driver/src/stm32f4xx_dbgmcu.o
LOAD StdPeriph_Driver/src/stm32f4xx_dcmi.o
LOAD StdPeriph_Driver/src/stm32f4xx_dma.o
LOAD StdPeriph_Driver/src/stm32f4xx_exti.o
LOAD StdPeriph_Driver/src/stm32f4xx_flash.o
LOAD StdPeriph_Driver/src/stm32f4xx_fsmc.o
LOAD StdPeriph_Driver/src/stm32f4xx_gpio.o
LOAD StdPeriph_Driver/src/stm32f4xx_hash.o
LOAD StdPeriph_Driver/src/stm32f4xx_hash_md5.o
LOAD StdPeriph_Driver/src/stm32f4xx_hash_sha1.o
LOAD StdPeriph_Driver/src/stm32f4xx_i2c.o
LOAD StdPeriph_Driver/src/stm32f4xx_iwdg.o
LOAD StdPeriph_Driver/src/stm32f4xx_pwr.o
LOAD StdPeriph_Driver/src/stm32f4xx_rcc.o
LOAD StdPeriph_Driver/src/stm32f4xx_rng.o
LOAD StdPeriph_Driver/src/stm32f4xx_rtc.o
LOAD StdPeriph_Driver/src/stm32f4xx_sdio.o
LOAD StdPeriph_Driver/src/stm32f4xx_spi.o
LOAD StdPeriph_Driver/src/stm32f4xx_syscfg.o
LOAD StdPeriph_Driver/src/stm32f4xx_tim.o
LOAD StdPeriph_Driver/src/stm32f4xx_usart.o
LOAD StdPeriph_Driver/src/stm32f4xx_wwdg.o
LOAD Utilities/stm32f4_discovery.o
LOAD Utilities/stm32f4_discovery_lis302dl.o
LOAD src/main.o
LOAD src/syscalls.o
LOAD src/system_stm32f4xx.o
LOAD src/tm_stm32f4_dac_signal.o
LOAD src/tm_stm32f4_delay.o
LOAD src/tm_stm32f4_gpio.o
LOAD src/tm_stm32f4_timer_properties.o
LOAD startup/startup_stm32f4xx.o
LOAD c:/ac6/systemworkbench/plugins/fr.ac6.mcu.externaltools.arm-none.win32_1.15.0.201708311556/tools/compiler/bin/../lib/gcc/arm-none-eabi/6.3.1/../../../../arm-none-eabi/lib/thumb/v7e-m\libm.a
START GROUP
LOAD c:/ac6/systemworkbench/plugins/fr.ac6.mcu.externaltools.arm-none.win32_1.15.0.201708311556/tools/compiler/bin/../lib/gcc/arm-none-eabi/6.3.1/thumb/v7e-m\libgcc.a
LOAD c:/ac6/systemworkbench/plugins/fr.ac6.mcu.externaltools.arm-none.win32_1.15.0.201708311556/tools/compiler/bin/../lib/gcc/arm-none-eabi/6.3.1/../../../../arm-none-eabi/lib/thumb/v7e-m\libc.a
END GROUP
LOAD c:/ac6/systemworkbench/plugins/fr.ac6.mcu.externaltools.arm-none.win32_1.15.0.201708311556/tools/compiler/bin/../lib/gcc/arm-none-eabi/6.3.1/thumb/v7e-m/crtend.o
LOAD c:/ac6/systemworkbench/plugins/fr.ac6.mcu.externaltools.arm-none.win32_1.15.0.201708311556/tools/compiler/bin/../lib/gcc/arm-none-eabi/6.3.1/thumb/v7e-m/crtn.o
                0x20020000                _estack = 0x20020000
                0x00000000                _Min_Heap_Size = 0x0
                0x00000400                _Min_Stack_Size = 0x400

.isr_vector     0x08000000      0x188
                0x08000000                . = ALIGN (0x4)
 *(.isr_vector)
 .isr_vector    0x08000000      0x188 startup/startup_stm32f4xx.o
                0x08000000                g_pfnVectors
                0x08000188                . = ALIGN (0x4)

.text           0x08000188     0x4ca4
                0x08000188                . = ALIGN (0x4)
 *(.text)
 .text          0x08000188       0x6c c:/ac6/systemworkbench/plugins/fr.ac6.mcu.externaltools.arm-none.win32_1.15.0.201708311556/tools/compiler/bin/../lib/gcc/arm-none-eabi/6.3.1/thumb/v7e-m/crtbegin.o
 .text          0x080001f4      0x370 c:/ac6/systemworkbench/plugins/fr.ac6.mcu.externaltools.arm-none.win32_1.15.0.201708311556/tools/compiler/bin/../lib/gcc/arm-none-eabi/6.3.1/thumb/v7e-m\libgcc.a(_arm_addsubdf3.o)
                0x080001f4                __aeabi_drsub
                0x080001fc                __aeabi_dsub
                0x080001fc                __subdf3
                0x08000200                __aeabi_dadd
                0x08000200                __adddf3
                0x08000478                __floatunsidf
                0x08000478                __aeabi_ui2d
                0x08000498                __floatsidf
                0x08000498                __aeabi_i2d
                0x080004bc                __aeabi_f2d
                0x080004bc                __extendsfdf2
                0x080004f8                __floatundidf
                0x080004f8                __aeabi_ul2d
                0x08000508                __floatdidf
                0x08000508                __aeabi_l2d
 .text          0x08000564      0x424 c:/ac6/systemworkbench/plugins/fr.ac6.mcu.externaltools.arm-none.win32_1.15.0.201708311556/tools/compiler/bin/../lib/gcc/arm-none-eabi/6.3.1/thumb/v7e-m\libgcc.a(_arm_muldivdf3.o)
                0x08000564                __aeabi_dmul
                0x08000564                __muldf3
                0x080007b8                __divdf3
                0x080007b8                __aeabi_ddiv
 .text          0x08000988      0x110 c:/ac6/systemworkbench/plugins/fr.ac6.mcu.externaltools.arm-none.win32_1.15.0.201708311556/tools/compiler/bin/../lib/gcc/arm-none-eabi/6.3.1/thumb/v7e-m\libgcc.a(_arm_cmpdf2.o)
                0x08000988                __gtdf2
                0x08000988                __gedf2
                0x08000990                __ltdf2
                0x08000990                __ledf2
                0x08000998                __nedf2
                0x08000998                __eqdf2
                0x08000998                __cmpdf2
                0x08000a14                __aeabi_cdrcmple
                0x08000a24                __aeabi_cdcmpeq
                0x08000a24                __aeabi_cdcmple
                0x08000a34                __aeabi_dcmpeq
                0x08000a48                __aeabi_dcmplt
                0x08000a5c                __aeabi_dcmple
                0x08000a70                __aeabi_dcmpge
                0x08000a84                __aeabi_dcmpgt
 .text          0x08000a98       0x50 c:/ac6/systemworkbench/plugins/fr.ac6.mcu.externaltools.arm-none.win32_1.15.0.201708311556/tools/compiler/bin/../lib/gcc/arm-none-eabi/6.3.1/thumb/v7e-m\libgcc.a(_arm_fixdfsi.o)
                0x08000a98                __aeabi_d2iz
                0x08000a98                __fixdfsi
 .text          0x08000ae8       0x40 c:/ac6/systemworkbench/plugins/fr.ac6.mcu.externaltools.arm-none.win32_1.15.0.201708311556/tools/compiler/bin/../lib/gcc/arm-none-eabi/6.3.1/thumb/v7e-m\libgcc.a(_arm_fixunsdfsi.o)
                0x08000ae8                __aeabi_d2uiz
                0x08000ae8                __fixunsdfsi
 *(.text*)
 .text.NVIC_PriorityGroupConfig
                0x08000b28       0x24 StdPeriph_Driver/src/misc.o
                0x08000b28                NVIC_PriorityGroupConfig
 .text.NVIC_Init
                0x08000b4c       0xc4 StdPeriph_Driver/src/misc.o
                0x08000b4c                NVIC_Init
 .text.DAC_Init
                0x08000c10       0x64 StdPeriph_Driver/src/stm32f4xx_dac.o
                0x08000c10                DAC_Init
 .text.DAC_Cmd  0x08000c74       0x48 StdPeriph_Driver/src/stm32f4xx_dac.o
                0x08000c74                DAC_Cmd
 .text.DAC_SetChannel1Data
                0x08000cbc       0x34 StdPeriph_Driver/src/stm32f4xx_dac.o
                0x08000cbc                DAC_SetChannel1Data
 .text.DAC_SetChannel2Data
                0x08000cf0       0x34 StdPeriph_Driver/src/stm32f4xx_dac.o
                0x08000cf0                DAC_SetChannel2Data
 .text.GPIO_Init
                0x08000d24      0x11a StdPeriph_Driver/src/stm32f4xx_gpio.o
                0x08000d24                GPIO_Init
 .text.GPIO_ReadInputDataBit
                0x08000e3e       0x32 StdPeriph_Driver/src/stm32f4xx_gpio.o
                0x08000e3e                GPIO_ReadInputDataBit
 .text.GPIO_SetBits
                0x08000e70       0x1c StdPeriph_Driver/src/stm32f4xx_gpio.o
                0x08000e70                GPIO_SetBits
 .text.GPIO_ResetBits
                0x08000e8c       0x1c StdPeriph_Driver/src/stm32f4xx_gpio.o
                0x08000e8c                GPIO_ResetBits
 .text.GPIO_PinAFConfig
                0x08000ea8       0x90 StdPeriph_Driver/src/stm32f4xx_gpio.o
                0x08000ea8                GPIO_PinAFConfig
 .text.RCC_GetClocksFreq
                0x08000f38      0x150 StdPeriph_Driver/src/stm32f4xx_rcc.o
                0x08000f38                RCC_GetClocksFreq
 .text.RCC_AHB1PeriphClockCmd
                0x08001088       0x3c StdPeriph_Driver/src/stm32f4xx_rcc.o
                0x08001088                RCC_AHB1PeriphClockCmd
 .text.RCC_APB1PeriphClockCmd
                0x080010c4       0x3c StdPeriph_Driver/src/stm32f4xx_rcc.o
                0x080010c4                RCC_APB1PeriphClockCmd
 .text.RCC_APB2PeriphClockCmd
                0x08001100       0x3c StdPeriph_Driver/src/stm32f4xx_rcc.o
                0x08001100                RCC_APB2PeriphClockCmd
 .text.TIM_TimeBaseInit
                0x0800113c       0xd4 StdPeriph_Driver/src/stm32f4xx_tim.o
                0x0800113c                TIM_TimeBaseInit
 .text.TIM_SetCounter
                0x08001210       0x1a StdPeriph_Driver/src/stm32f4xx_tim.o
                0x08001210                TIM_SetCounter
 .text.TIM_Cmd  0x0800122a       0x3e StdPeriph_Driver/src/stm32f4xx_tim.o
                0x0800122a                TIM_Cmd
 .text.TIM_ITConfig
                0x08001268       0x46 StdPeriph_Driver/src/stm32f4xx_tim.o
                0x08001268                TIM_ITConfig
 .text.TIM_GetFlagStatus
                0x080012ae       0x36 StdPeriph_Driver/src/stm32f4xx_tim.o
                0x080012ae                TIM_GetFlagStatus
 .text.TIM_ClearFlag
                0x080012e4       0x20 StdPeriph_Driver/src/stm32f4xx_tim.o
                0x080012e4                TIM_ClearFlag
 .text.TIM_GetITStatus
                0x08001304       0x52 StdPeriph_Driver/src/stm32f4xx_tim.o
                0x08001304                TIM_GetITStatus
 .text.TIM_ClearITPendingBit
                0x08001356       0x20 StdPeriph_Driver/src/stm32f4xx_tim.o
                0x08001356                TIM_ClearITPendingBit
 *fill*         0x08001376        0x2 
 .text.USART_Init
                0x08001378      0x174 StdPeriph_Driver/src/stm32f4xx_usart.o
                0x08001378                USART_Init
 .text.USART_Cmd
                0x080014ec       0x3e StdPeriph_Driver/src/stm32f4xx_usart.o
                0x080014ec                USART_Cmd
 .text.USART_ReceiveData
                0x0800152a       0x1e StdPeriph_Driver/src/stm32f4xx_usart.o
                0x0800152a                USART_ReceiveData
 .text.USART_ITConfig
                0x08001548       0x8e StdPeriph_Driver/src/stm32f4xx_usart.o
                0x08001548                USART_ITConfig
 .text.USART_GetITStatus
                0x080015d6       0xb4 StdPeriph_Driver/src/stm32f4xx_usart.o
                0x080015d6                USART_GetITStatus
 *fill*         0x0800168a        0x2 
 .text.NVIC_EnableIRQ
                0x0800168c       0x30 src/main.o
 .text.USART3_IRQHandler
                0x080016bc      0x160 src/main.o
                0x080016bc                USART3_IRQHandler
 .text.check    0x0800181c      0x344 src/main.o
                0x0800181c                check
 .text.enableTimer4
                0x08001b60       0x38 src/main.o
                0x08001b60                enableTimer4
 .text.setDACdata
                0x08001b98       0x58 src/main.o
                0x08001b98                setDACdata
 .text.checkKey
                0x08001bf0      0x3b8 src/main.o
                0x08001bf0                checkKey
 .text.the_end_of_song
                0x08001fa8       0x7c src/main.o
                0x08001fa8                the_end_of_song
 .text.checkDiode
                0x08002024      0x15c src/main.o
                0x08002024                checkDiode
 .text.TIM3_IRQHandler
                0x08002180      0x120 src/main.o
                0x08002180                TIM3_IRQHandler
 .text.TIM4_IRQHandler
                0x080022a0       0xf4 src/main.o
                0x080022a0                TIM4_IRQHandler
 .text.color_in
                0x08002394      0x1c8 src/main.o
                0x08002394                color_in
 .text.diode_light
                0x0800255c      0x340 src/main.o
                0x0800255c                diode_light
 .text.main     0x0800289c      0x3b0 src/main.o
                0x0800289c                main
 .text._sbrk    0x08002c4c       0x58 src/syscalls.o
                0x08002c4c                _sbrk
 .text.SystemInit
                0x08002ca4       0x5c src/system_stm32f4xx.o
                0x08002ca4                SystemInit
 .text.SetSysClock
                0x08002d00      0x128 src/system_stm32f4xx.o
 .text.SysTick_Handler
                0x08002e28       0xec src/tm_stm32f4_delay.o
                0x08002e28                SysTick_Handler
 .text.Reset_Handler
                0x08002f14       0x48 startup/startup_stm32f4xx.o
                0x08002f14                Reset_Handler
 .text.Default_Handler
                0x08002f5c        0x2 startup/startup_stm32f4xx.o
                0x08002f5c                RTC_Alarm_IRQHandler
                0x08002f5c                HASH_RNG_IRQHandler
                0x08002f5c                EXTI2_IRQHandler
                0x08002f5c                TIM8_CC_IRQHandler
                0x08002f5c                DebugMon_Handler
                0x08002f5c                TIM1_CC_IRQHandler
                0x08002f5c                DMA2_Stream5_IRQHandler
                0x08002f5c                HardFault_Handler
                0x08002f5c                DMA1_Stream5_IRQHandler
                0x08002f5c                PVD_IRQHandler
                0x08002f5c                SDIO_IRQHandler
                0x08002f5c                TAMP_STAMP_IRQHandler
                0x08002f5c                PendSV_Handler
                0x08002f5c                NMI_Handler
                0x08002f5c                CAN2_RX1_IRQHandler
                0x08002f5c                EXTI3_IRQHandler
                0x08002f5c                TIM8_TRG_COM_TIM14_IRQHandler
                0x08002f5c                TIM1_UP_TIM10_IRQHandler
                0x08002f5c                TIM8_UP_TIM13_IRQHandler
                0x08002f5c                I2C3_ER_IRQHandler
                0x08002f5c                EXTI0_IRQHandler
                0x08002f5c                I2C2_EV_IRQHandler
                0x08002f5c                DMA1_Stream2_IRQHandler
                0x08002f5c                CAN1_RX0_IRQHandler
                0x08002f5c                FPU_IRQHandler
                0x08002f5c                OTG_HS_WKUP_IRQHandler
                0x08002f5c                UsageFault_Handler
                0x08002f5c                CAN2_SCE_IRQHandler
                0x08002f5c                DMA2_Stream2_IRQHandler
                0x08002f5c                SPI1_IRQHandler
                0x08002f5c                TIM6_DAC_IRQHandler
                0x08002f5c                TIM1_BRK_TIM9_IRQHandler
                0x08002f5c                DCMI_IRQHandler
                0x08002f5c                CAN2_RX0_IRQHandler
                0x08002f5c                DMA2_Stream3_IRQHandler
                0x08002f5c                USART6_IRQHandler
                0x08002f5c                CRYP_IRQHandler
                0x08002f5c                CAN1_RX1_IRQHandler
                0x08002f5c                UART5_IRQHandler
                0x08002f5c                DMA2_Stream0_IRQHandler
                0x08002f5c                I2C1_EV_IRQHandler
                0x08002f5c                DMA1_Stream6_IRQHandler
                0x08002f5c                DMA1_Stream1_IRQHandler
                0x08002f5c                UART4_IRQHandler
                0x08002f5c                RCC_IRQHandler
                0x08002f5c                TIM8_BRK_TIM12_IRQHandler
                0x08002f5c                Default_Handler
                0x08002f5c                EXTI15_10_IRQHandler
                0x08002f5c                ADC_IRQHandler
                0x08002f5c                DMA1_Stream7_IRQHandler
                0x08002f5c                TIM7_IRQHandler
                0x08002f5c                CAN2_TX_IRQHandler
                0x08002f5c                TIM5_IRQHandler
                0x08002f5c                DMA2_Stream7_IRQHandler
                0x08002f5c                I2C3_EV_IRQHandler
                0x08002f5c                EXTI9_5_IRQHandler
                0x08002f5c                RTC_WKUP_IRQHandler
                0x08002f5c                ETH_WKUP_IRQHandler
                0x08002f5c                SPI2_IRQHandler
                0x08002f5c                OTG_HS_EP1_IN_IRQHandler
                0x08002f5c                MemManage_Handler
                0x08002f5c                DMA1_Stream0_IRQHandler
                0x08002f5c                CAN1_TX_IRQHandler
                0x08002f5c                SVC_Handler
                0x08002f5c                EXTI4_IRQHandler
                0x08002f5c                FSMC_IRQHandler
                0x08002f5c                ETH_IRQHandler
                0x08002f5c                OTG_HS_EP1_OUT_IRQHandler
                0x08002f5c                WWDG_IRQHandler
                0x08002f5c                TIM2_IRQHandler
                0x08002f5c                OTG_FS_WKUP_IRQHandler
                0x08002f5c                TIM1_TRG_COM_TIM11_IRQHandler
                0x08002f5c                OTG_HS_IRQHandler
                0x08002f5c                EXTI1_IRQHandler
                0x08002f5c                USART2_IRQHandler
                0x08002f5c                I2C2_ER_IRQHandler
                0x08002f5c                DMA2_Stream1_IRQHandler
                0x08002f5c                CAN1_SCE_IRQHandler
                0x08002f5c                FLASH_IRQHandler
                0x08002f5c                DMA2_Stream4_IRQHandler
                0x08002f5c                BusFault_Handler
                0x08002f5c                USART1_IRQHandler
                0x08002f5c                OTG_FS_IRQHandler
                0x08002f5c                SPI3_IRQHandler
                0x08002f5c                DMA1_Stream4_IRQHandler
                0x08002f5c                I2C1_ER_IRQHandler
                0x08002f5c                DMA2_Stream6_IRQHandler
                0x08002f5c                DMA1_Stream3_IRQHandler
 *fill*         0x08002f5e        0x2 
 .text.sin      0x08002f60       0x88 c:/ac6/systemworkbench/plugins/fr.ac6.mcu.externaltools.arm-none.win32_1.15.0.201708311556/tools/compiler/bin/../lib/gcc/arm-none-eabi/6.3.1/../../../../arm-none-eabi/lib/thumb/v7e-m\libm.a(lib_a-s_sin.o)
                0x08002f60                sin
 .text.__ieee754_rem_pio2
                0x08002fe8      0x444 c:/ac6/systemworkbench/plugins/fr.ac6.mcu.externaltools.arm-none.win32_1.15.0.201708311556/tools/compiler/bin/../lib/gcc/arm-none-eabi/6.3.1/../../../../arm-none-eabi/lib/thumb/v7e-m\libm.a(lib_a-e_rem_pio2.o)
                0x08002fe8                __ieee754_rem_pio2
 *fill*         0x0800342c        0x4 
 .text.__kernel_cos
                0x08003430      0x248 c:/ac6/systemworkbench/plugins/fr.ac6.mcu.externaltools.arm-none.win32_1.15.0.201708311556/tools/compiler/bin/../lib/gcc/arm-none-eabi/6.3.1/../../../../arm-none-eabi/lib/thumb/v7e-m\libm.a(lib_a-k_cos.o)
                0x08003430                __kernel_cos
 .text.__kernel_rem_pio2
                0x08003678      0x88c c:/ac6/systemworkbench/plugins/fr.ac6.mcu.externaltools.arm-none.win32_1.15.0.201708311556/tools/compiler/bin/../lib/gcc/arm-none-eabi/6.3.1/../../../../arm-none-eabi/lib/thumb/v7e-m\libm.a(lib_a-k_rem_pio2.o)
                0x08003678                __kernel_rem_pio2
 *fill*         0x08003f04        0x4 
 .text.__kernel_sin
                0x08003f08      0x16c c:/ac6/systemworkbench/plugins/fr.ac6.mcu.externaltools.arm-none.win32_1.15.0.201708311556/tools/compiler/bin/../lib/gcc/arm-none-eabi/6.3.1/../../../../arm-none-eabi/lib/thumb/v7e-m\libm.a(lib_a-k_sin.o)
                0x08003f08                __kernel_sin
 .text.fabs     0x08004074        0x8 c:/ac6/systemworkbench/plugins/fr.ac6.mcu.externaltools.arm-none.win32_1.15.0.201708311556/tools/compiler/bin/../lib/gcc/arm-none-eabi/6.3.1/../../../../arm-none-eabi/lib/thumb/v7e-m\libm.a(lib_a-s_fabs.o)
                0x08004074                fabs
 *fill*         0x0800407c        0x4 
 .text.floor    0x08004080      0x118 c:/ac6/systemworkbench/plugins/fr.ac6.mcu.externaltools.arm-none.win32_1.15.0.201708311556/tools/compiler/bin/../lib/gcc/arm-none-eabi/6.3.1/../../../../arm-none-eabi/lib/thumb/v7e-m\libm.a(lib_a-s_floor.o)
                0x08004080                floor
 .text.scalbn   0x08004198       0xfc c:/ac6/systemworkbench/plugins/fr.ac6.mcu.externaltools.arm-none.win32_1.15.0.201708311556/tools/compiler/bin/../lib/gcc/arm-none-eabi/6.3.1/../../../../arm-none-eabi/lib/thumb/v7e-m\libm.a(lib_a-s_scalbn.o)
                0x08004198                scalbn
 .text.copysign
                0x08004294       0x10 c:/ac6/systemworkbench/plugins/fr.ac6.mcu.externaltools.arm-none.win32_1.15.0.201708311556/tools/compiler/bin/../lib/gcc/arm-none-eabi/6.3.1/../../../../arm-none-eabi/lib/thumb/v7e-m\libm.a(lib_a-s_copysign.o)
                0x08004294                copysign
 .text.__errno  0x080042a4        0xc c:/ac6/systemworkbench/plugins/fr.ac6.mcu.externaltools.arm-none.win32_1.15.0.201708311556/tools/compiler/bin/../lib/gcc/arm-none-eabi/6.3.1/../../../../arm-none-eabi/lib/thumb/v7e-m\libc.a(lib_a-errno.o)
                0x080042a4                __errno
 .text.__libc_init_array
                0x080042b0       0x50 c:/ac6/systemworkbench/plugins/fr.ac6.mcu.externaltools.arm-none.win32_1.15.0.201708311556/tools/compiler/bin/../lib/gcc/arm-none-eabi/6.3.1/../../../../arm-none-eabi/lib/thumb/v7e-m\libc.a(lib_a-init.o)
                0x080042b0                __libc_init_array
 .text.malloc   0x08004300       0x10 c:/ac6/systemworkbench/plugins/fr.ac6.mcu.externaltools.arm-none.win32_1.15.0.201708311556/tools/compiler/bin/../lib/gcc/arm-none-eabi/6.3.1/../../../../arm-none-eabi/lib/thumb/v7e-m\libc.a(lib_a-malloc.o)
                0x08004300                malloc
 .text._malloc_r
                0x08004310      0x560 c:/ac6/systemworkbench/plugins/fr.ac6.mcu.externaltools.arm-none.win32_1.15.0.201708311556/tools/compiler/bin/../lib/gcc/arm-none-eabi/6.3.1/../../../../arm-none-eabi/lib/thumb/v7e-m\libc.a(lib_a-mallocr.o)
                0x08004310                _malloc_r
 .text.__malloc_lock
                0x08004870        0xc c:/ac6/systemworkbench/plugins/fr.ac6.mcu.externaltools.arm-none.win32_1.15.0.201708311556/tools/compiler/bin/../lib/gcc/arm-none-eabi/6.3.1/../../../../arm-none-eabi/lib/thumb/v7e-m\libc.a(lib_a-mlock.o)
                0x08004870                __malloc_lock
 .text.__malloc_unlock
                0x0800487c        0xc c:/ac6/systemworkbench/plugins/fr.ac6.mcu.externaltools.arm-none.win32_1.15.0.201708311556/tools/compiler/bin/../lib/gcc/arm-none-eabi/6.3.1/../../../../arm-none-eabi/lib/thumb/v7e-m\libc.a(lib_a-mlock.o)
                0x0800487c                __malloc_unlock
 .text._sbrk_r  0x08004888       0x24 c:/ac6/systemworkbench/plugins/fr.ac6.mcu.externaltools.arm-none.win32_1.15.0.201708311556/tools/compiler/bin/../lib/gcc/arm-none-eabi/6.3.1/../../../../arm-none-eabi/lib/thumb/v7e-m\libc.a(lib_a-sbrkr.o)
                0x08004888                _sbrk_r
 .text.startup.register_fini
                0x080048ac       0x14 c:/ac6/systemworkbench/plugins/fr.ac6.mcu.externaltools.arm-none.win32_1.15.0.201708311556/tools/compiler/bin/../lib/gcc/arm-none-eabi/6.3.1/../../../../arm-none-eabi/lib/thumb/v7e-m\libc.a(lib_a-__call_atexit.o)
 .text.atexit   0x080048c0        0xc c:/ac6/systemworkbench/plugins/fr.ac6.mcu.externaltools.arm-none.win32_1.15.0.201708311556/tools/compiler/bin/../lib/gcc/arm-none-eabi/6.3.1/../../../../arm-none-eabi/lib/thumb/v7e-m\libc.a(lib_a-atexit.o)
                0x080048c0                atexit
 .text.__libc_fini_array
                0x080048cc       0x34 c:/ac6/systemworkbench/plugins/fr.ac6.mcu.externaltools.arm-none.win32_1.15.0.201708311556/tools/compiler/bin/../lib/gcc/arm-none-eabi/6.3.1/../../../../arm-none-eabi/lib/thumb/v7e-m\libc.a(lib_a-fini.o)
                0x080048cc                __libc_fini_array
 .text._malloc_trim_r
                0x08004900       0xa0 c:/ac6/systemworkbench/plugins/fr.ac6.mcu.externaltools.arm-none.win32_1.15.0.201708311556/tools/compiler/bin/../lib/gcc/arm-none-eabi/6.3.1/../../../../arm-none-eabi/lib/thumb/v7e-m\libc.a(lib_a-freer.o)
                0x08004900                _malloc_trim_r
 .text._free_r  0x080049a0      0x1cc c:/ac6/systemworkbench/plugins/fr.ac6.mcu.externaltools.arm-none.win32_1.15.0.201708311556/tools/compiler/bin/../lib/gcc/arm-none-eabi/6.3.1/../../../../arm-none-eabi/lib/thumb/v7e-m\libc.a(lib_a-freer.o)
                0x080049a0                _free_r
 .text.__retarget_lock_acquire_recursive
                0x08004b6c        0x4 c:/ac6/systemworkbench/plugins/fr.ac6.mcu.externaltools.arm-none.win32_1.15.0.201708311556/tools/compiler/bin/../lib/gcc/arm-none-eabi/6.3.1/../../../../arm-none-eabi/lib/thumb/v7e-m\libc.a(lib_a-lock.o)
                0x08004b6c                __retarget_lock_acquire_recursive
 .text.__retarget_lock_release_recursive
                0x08004b70        0x4 c:/ac6/systemworkbench/plugins/fr.ac6.mcu.externaltools.arm-none.win32_1.15.0.201708311556/tools/compiler/bin/../lib/gcc/arm-none-eabi/6.3.1/../../../../arm-none-eabi/lib/thumb/v7e-m\libc.a(lib_a-lock.o)
                0x08004b70                __retarget_lock_release_recursive
 .text.__register_exitproc
                0x08004b74       0xc4 c:/ac6/systemworkbench/plugins/fr.ac6.mcu.externaltools.arm-none.win32_1.15.0.201708311556/tools/compiler/bin/../lib/gcc/arm-none-eabi/6.3.1/../../../../arm-none-eabi/lib/thumb/v7e-m\libc.a(lib_a-__atexit.o)
                0x08004b74                __register_exitproc
 *(.rodata)
 *(.rodata*)
 .rodata.npio2_hw
                0x08004c38       0x80 c:/ac6/systemworkbench/plugins/fr.ac6.mcu.externaltools.arm-none.win32_1.15.0.201708311556/tools/compiler/bin/../lib/gcc/arm-none-eabi/6.3.1/../../../../arm-none-eabi/lib/thumb/v7e-m\libm.a(lib_a-e_rem_pio2.o)
 .rodata.two_over_pi
                0x08004cb8      0x108 c:/ac6/systemworkbench/plugins/fr.ac6.mcu.externaltools.arm-none.win32_1.15.0.201708311556/tools/compiler/bin/../lib/gcc/arm-none-eabi/6.3.1/../../../../arm-none-eabi/lib/thumb/v7e-m\libm.a(lib_a-e_rem_pio2.o)
 .rodata.PIo2   0x08004dc0       0x40 c:/ac6/systemworkbench/plugins/fr.ac6.mcu.externaltools.arm-none.win32_1.15.0.201708311556/tools/compiler/bin/../lib/gcc/arm-none-eabi/6.3.1/../../../../arm-none-eabi/lib/thumb/v7e-m\libm.a(lib_a-k_rem_pio2.o)
 .rodata.init_jk
                0x08004e00       0x10 c:/ac6/systemworkbench/plugins/fr.ac6.mcu.externaltools.arm-none.win32_1.15.0.201708311556/tools/compiler/bin/../lib/gcc/arm-none-eabi/6.3.1/../../../../arm-none-eabi/lib/thumb/v7e-m\libm.a(lib_a-k_rem_pio2.o)
 .rodata._global_impure_ptr
                0x08004e10        0x4 c:/ac6/systemworkbench/plugins/fr.ac6.mcu.externaltools.arm-none.win32_1.15.0.201708311556/tools/compiler/bin/../lib/gcc/arm-none-eabi/6.3.1/../../../../arm-none-eabi/lib/thumb/v7e-m\libc.a(lib_a-impure.o)
                0x08004e10                _global_impure_ptr
 *(.glue_7)
 .glue_7        0x08004e14        0x0 linker stubs
 *(.glue_7t)
 .glue_7t       0x08004e14        0x0 linker stubs
 *(.eh_frame)
 .eh_frame      0x08004e14        0x0 c:/ac6/systemworkbench/plugins/fr.ac6.mcu.externaltools.arm-none.win32_1.15.0.201708311556/tools/compiler/bin/../lib/gcc/arm-none-eabi/6.3.1/thumb/v7e-m/crtbegin.o
 *(.init)
 .init          0x08004e14        0x4 c:/ac6/systemworkbench/plugins/fr.ac6.mcu.externaltools.arm-none.win32_1.15.0.201708311556/tools/compiler/bin/../lib/gcc/arm-none-eabi/6.3.1/thumb/v7e-m/crti.o
                0x08004e14                _init
 .init          0x08004e18        0x8 c:/ac6/systemworkbench/plugins/fr.ac6.mcu.externaltools.arm-none.win32_1.15.0.201708311556/tools/compiler/bin/../lib/gcc/arm-none-eabi/6.3.1/thumb/v7e-m/crtn.o
 *(.fini)
 .fini          0x08004e20        0x4 c:/ac6/systemworkbench/plugins/fr.ac6.mcu.externaltools.arm-none.win32_1.15.0.201708311556/tools/compiler/bin/../lib/gcc/arm-none-eabi/6.3.1/thumb/v7e-m/crti.o
                0x08004e20                _fini
 .fini          0x08004e24        0x8 c:/ac6/systemworkbench/plugins/fr.ac6.mcu.externaltools.arm-none.win32_1.15.0.201708311556/tools/compiler/bin/../lib/gcc/arm-none-eabi/6.3.1/thumb/v7e-m/crtn.o
                0x08004e2c                . = ALIGN (0x4)
                0x08004e2c                _etext = .

.vfp11_veneer   0x08004e2c        0x0
 .vfp11_veneer  0x08004e2c        0x0 linker stubs

.v4_bx          0x08004e2c        0x0
 .v4_bx         0x08004e2c        0x0 linker stubs

.iplt           0x08004e2c        0x0
 .iplt          0x08004e2c        0x0 c:/ac6/systemworkbench/plugins/fr.ac6.mcu.externaltools.arm-none.win32_1.15.0.201708311556/tools/compiler/bin/../lib/gcc/arm-none-eabi/6.3.1/thumb/v7e-m/crtbegin.o

.rel.dyn        0x08004e2c        0x0
 .rel.iplt      0x08004e2c        0x0 c:/ac6/systemworkbench/plugins/fr.ac6.mcu.externaltools.arm-none.win32_1.15.0.201708311556/tools/compiler/bin/../lib/gcc/arm-none-eabi/6.3.1/thumb/v7e-m/crtbegin.o

.ARM.extab
 *(.ARM.extab* .gnu.linkonce.armextab.*)

.ARM            0x08004e2c        0x0
                0x08004e2c                __exidx_start = .
 *(.ARM.exidx*)
                0x08004e2c                __exidx_end = .

.preinit_array  0x08004e2c        0x0
                0x08004e2c                PROVIDE (__preinit_array_start, .)
 *(.preinit_array*)
                0x08004e2c                PROVIDE (__preinit_array_end, .)

.init_array     0x08004e2c        0x8
                0x08004e2c                PROVIDE (__init_array_start, .)
 *(SORT(.init_array.*))
 .init_array.00000
                0x08004e2c        0x4 c:/ac6/systemworkbench/plugins/fr.ac6.mcu.externaltools.arm-none.win32_1.15.0.201708311556/tools/compiler/bin/../lib/gcc/arm-none-eabi/6.3.1/../../../../arm-none-eabi/lib/thumb/v7e-m\libc.a(lib_a-__call_atexit.o)
 *(.init_array*)
 .init_array    0x08004e30        0x4 c:/ac6/systemworkbench/plugins/fr.ac6.mcu.externaltools.arm-none.win32_1.15.0.201708311556/tools/compiler/bin/../lib/gcc/arm-none-eabi/6.3.1/thumb/v7e-m/crtbegin.o
                0x08004e34                PROVIDE (__init_array_end, .)

.fini_array     0x08004e34        0x4
                0x08004e34                PROVIDE (__fini_array_start, .)
 *(.fini_array*)
 .fini_array    0x08004e34        0x4 c:/ac6/systemworkbench/plugins/fr.ac6.mcu.externaltools.arm-none.win32_1.15.0.201708311556/tools/compiler/bin/../lib/gcc/arm-none-eabi/6.3.1/thumb/v7e-m/crtbegin.o
 *(SORT(.fini_array.*))
                0x08004e38                PROVIDE (__fini_array_end, .)
                0x08004e38                _sidata = .

.data           0x20000000      0xbd4 load address 0x08004e38
                0x20000000                . = ALIGN (0x4)
                0x20000000                _sdata = .
 *(.data)
 .data          0x20000000       0x10 StdPeriph_Driver/src/stm32f4xx_rcc.o
 .data          0x20000010      0x380 src/main.o
                0x20000010                scaled
                0x20000018                kotek
                0x20000060                current_size
                0x20000064                koko
                0x20000130                cicha_noc
                0x200001f4                sto_lat
                0x20000284                sweet_child
                0x20000384                noc_size
                0x20000388                child_size
                0x2000038c                stolat_size
 *(.data*)
 .data._impure_ptr
                0x20000390        0x4 c:/ac6/systemworkbench/plugins/fr.ac6.mcu.externaltools.arm-none.win32_1.15.0.201708311556/tools/compiler/bin/../lib/gcc/arm-none-eabi/6.3.1/../../../../arm-none-eabi/lib/thumb/v7e-m\libc.a(lib_a-impure.o)
                0x20000390                _impure_ptr
 *fill*         0x20000394        0x4 
 .data.impure_data
                0x20000398      0x428 c:/ac6/systemworkbench/plugins/fr.ac6.mcu.externaltools.arm-none.win32_1.15.0.201708311556/tools/compiler/bin/../lib/gcc/arm-none-eabi/6.3.1/../../../../arm-none-eabi/lib/thumb/v7e-m\libc.a(lib_a-impure.o)
 .data.__malloc_av_
                0x200007c0      0x408 c:/ac6/systemworkbench/plugins/fr.ac6.mcu.externaltools.arm-none.win32_1.15.0.201708311556/tools/compiler/bin/../lib/gcc/arm-none-eabi/6.3.1/../../../../arm-none-eabi/lib/thumb/v7e-m\libc.a(lib_a-mallocr.o)
                0x200007c0                __malloc_av_
 .data.__malloc_sbrk_base
                0x20000bc8        0x4 c:/ac6/systemworkbench/plugins/fr.ac6.mcu.externaltools.arm-none.win32_1.15.0.201708311556/tools/compiler/bin/../lib/gcc/arm-none-eabi/6.3.1/../../../../arm-none-eabi/lib/thumb/v7e-m\libc.a(lib_a-mallocr.o)
                0x20000bc8                __malloc_sbrk_base
 .data.__malloc_trim_threshold
                0x20000bcc        0x4 c:/ac6/systemworkbench/plugins/fr.ac6.mcu.externaltools.arm-none.win32_1.15.0.201708311556/tools/compiler/bin/../lib/gcc/arm-none-eabi/6.3.1/../../../../arm-none-eabi/lib/thumb/v7e-m\libc.a(lib_a-mallocr.o)
                0x20000bcc                __malloc_trim_threshold
 .data.__atexit_recursive_mutex
                0x20000bd0        0x4 c:/ac6/systemworkbench/plugins/fr.ac6.mcu.externaltools.arm-none.win32_1.15.0.201708311556/tools/compiler/bin/../lib/gcc/arm-none-eabi/6.3.1/../../../../arm-none-eabi/lib/thumb/v7e-m\libc.a(lib_a-__call_atexit.o)
                0x20000bd0                __atexit_recursive_mutex
                0x20000bd4                . = ALIGN (0x4)
                0x20000bd4                _edata = .

.jcr            0x20000bd4        0x0 load address 0x08005a0c
 .jcr           0x20000bd4        0x0 c:/ac6/systemworkbench/plugins/fr.ac6.mcu.externaltools.arm-none.win32_1.15.0.201708311556/tools/compiler/bin/../lib/gcc/arm-none-eabi/6.3.1/thumb/v7e-m/crtbegin.o

.igot.plt       0x20000bd4        0x0 load address 0x08005a0c
 .igot.plt      0x20000bd4        0x0 c:/ac6/systemworkbench/plugins/fr.ac6.mcu.externaltools.arm-none.win32_1.15.0.201708311556/tools/compiler/bin/../lib/gcc/arm-none-eabi/6.3.1/thumb/v7e-m/crtbegin.o
                0x20000bd4                . = ALIGN (0x4)

.bss            0x20000bd8       0xf4 load address 0x08005a10
                0x20000bd8                _sbss = .
                0x20000bd8                __bss_start__ = _sbss
 *(.bss)
 .bss           0x20000bd8       0x1c c:/ac6/systemworkbench/plugins/fr.ac6.mcu.externaltools.arm-none.win32_1.15.0.201708311556/tools/compiler/bin/../lib/gcc/arm-none-eabi/6.3.1/thumb/v7e-m/crtbegin.o
 *fill*         0x20000bf4        0x4 
 .bss           0x20000bf8       0x3c src/main.o
                0x20000bf8                flaga
                0x20000bfc                licznik
                0x20000c00                prz
                0x20000c08                glob2
                0x20000c10                glob3
                0x20000c18                licznik69
                0x20000c1c                poprzedni_przycisk
                0x20000c20                przycisk
                0x20000c24                current_table
                0x20000c28                learningmode
                0x20000c2c                playingmode
                0x20000c30                current_colour
 .bss           0x20000c34        0x8 src/syscalls.o
                0x20000c34                __env
 .bss           0x20000c3c       0x28 src/tm_stm32f4_delay.o
                0x20000c3c                TM_TimingDelay
                0x20000c40                TM_Time
                0x20000c44                TM_Time2
                0x20000c48                TM_DELAY_Initialized
 *(.bss*)
 .bss.__malloc_current_mallinfo
                0x20000c64       0x28 c:/ac6/systemworkbench/plugins/fr.ac6.mcu.externaltools.arm-none.win32_1.15.0.201708311556/tools/compiler/bin/../lib/gcc/arm-none-eabi/6.3.1/../../../../arm-none-eabi/lib/thumb/v7e-m\libc.a(lib_a-mallocr.o)
                0x20000c64                __malloc_current_mallinfo
 .bss.__malloc_max_sbrked_mem
                0x20000c8c        0x4 c:/ac6/systemworkbench/plugins/fr.ac6.mcu.externaltools.arm-none.win32_1.15.0.201708311556/tools/compiler/bin/../lib/gcc/arm-none-eabi/6.3.1/../../../../arm-none-eabi/lib/thumb/v7e-m\libc.a(lib_a-mallocr.o)
                0x20000c8c                __malloc_max_sbrked_mem
 .bss.__malloc_max_total_mem
                0x20000c90        0x4 c:/ac6/systemworkbench/plugins/fr.ac6.mcu.externaltools.arm-none.win32_1.15.0.201708311556/tools/compiler/bin/../lib/gcc/arm-none-eabi/6.3.1/../../../../arm-none-eabi/lib/thumb/v7e-m\libc.a(lib_a-mallocr.o)
                0x20000c90                __malloc_max_total_mem
 .bss.__malloc_top_pad
                0x20000c94        0x4 c:/ac6/systemworkbench/plugins/fr.ac6.mcu.externaltools.arm-none.win32_1.15.0.201708311556/tools/compiler/bin/../lib/gcc/arm-none-eabi/6.3.1/../../../../arm-none-eabi/lib/thumb/v7e-m\libc.a(lib_a-mallocr.o)
                0x20000c94                __malloc_top_pad
 *(COMMON)
 COMMON         0x20000c98        0xc src/main.o
                0x20000c98                sinus
                0x20000ca0                sprawdzenie
 COMMON         0x20000ca4       0x21 c:/ac6/systemworkbench/plugins/fr.ac6.mcu.externaltools.arm-none.win32_1.15.0.201708311556/tools/compiler/bin/../lib/gcc/arm-none-eabi/6.3.1/../../../../arm-none-eabi/lib/thumb/v7e-m\libc.a(lib_a-lock.o)
                0x20000ca4                __lock___atexit_recursive_mutex
                0x20000ca8                __lock___arc4random_mutex
                0x20000cac                __lock___env_recursive_mutex
                0x20000cb0                __lock___sinit_recursive_mutex
                0x20000cb4                __lock___malloc_recursive_mutex
                0x20000cb8                __lock___at_quick_exit_mutex
                0x20000cbc                __lock___dd_hash_mutex
                0x20000cc0                __lock___tz_mutex
                0x20000cc4                __lock___sfp_recursive_mutex
 *fill*         0x20000cc5        0x3 
 COMMON         0x20000cc8        0x4 c:/ac6/systemworkbench/plugins/fr.ac6.mcu.externaltools.arm-none.win32_1.15.0.201708311556/tools/compiler/bin/../lib/gcc/arm-none-eabi/6.3.1/../../../../arm-none-eabi/lib/thumb/v7e-m\libc.a(lib_a-reent.o)
                0x20000cc8                errno
                0x20000ccc                . = ALIGN (0x4)
                0x20000ccc                _ebss = .
                0x20000ccc                __bss_end__ = _ebss

._user_heap_stack
                0x20000ccc      0x404 load address 0x08005b04
                0x20000cd0                . = ALIGN (0x8)
 *fill*         0x20000ccc        0x4 
                0x20000cd0                PROVIDE (end, .)
                [!provide]                PROVIDE (_end, .)
                0x20000cd0                . = (. + _Min_Heap_Size)
                0x200010d0                . = (. + _Min_Stack_Size)
 *fill*         0x20000cd0      0x400 
                0x200010d0                . = ALIGN (0x8)

.memory_b1_text
 *(.mb1text)
 *(.mb1text*)
 *(.mb1rodata)
 *(.mb1rodata*)

/DISCARD/
 libc.a(*)
 libm.a(*)
 libgcc.a(*)

.ARM.attributes
                0x00000000       0x2a
 *(.ARM.attributes)
 .ARM.attributes
                0x00000000       0x1e c:/ac6/systemworkbench/plugins/fr.ac6.mcu.externaltools.arm-none.win32_1.15.0.201708311556/tools/compiler/bin/../lib/gcc/arm-none-eabi/6.3.1/thumb/v7e-m/crti.o
 .ARM.attributes
                0x0000001e       0x2e c:/ac6/systemworkbench/plugins/fr.ac6.mcu.externaltools.arm-none.win32_1.15.0.201708311556/tools/compiler/bin/../lib/gcc/arm-none-eabi/6.3.1/thumb/v7e-m/crtbegin.o
 .ARM.attributes
                0x0000004c       0x33 StdPeriph_Driver/src/misc.o
 .ARM.attributes
                0x0000007f       0x33 StdPeriph_Driver/src/stm32f4xx_dac.o
 .ARM.attributes
                0x000000b2       0x33 StdPeriph_Driver/src/stm32f4xx_gpio.o
 .ARM.attributes
                0x000000e5       0x33 StdPeriph_Driver/src/stm32f4xx_rcc.o
 .ARM.attributes
                0x00000118       0x33 StdPeriph_Driver/src/stm32f4xx_tim.o
 .ARM.attributes
                0x0000014b       0x33 StdPeriph_Driver/src/stm32f4xx_usart.o
 .ARM.attributes
                0x0000017e       0x33 src/main.o
 .ARM.attributes
                0x000001b1       0x33 src/syscalls.o
 .ARM.attributes
                0x000001e4       0x33 src/system_stm32f4xx.o
 .ARM.attributes
                0x00000217       0x33 src/tm_stm32f4_delay.o
 .ARM.attributes
                0x0000024a       0x21 startup/startup_stm32f4xx.o
 .ARM.attributes
                0x0000026b       0x2e c:/ac6/systemworkbench/plugins/fr.ac6.mcu.externaltools.arm-none.win32_1.15.0.201708311556/tools/compiler/bin/../lib/gcc/arm-none-eabi/6.3.1/../../../../arm-none-eabi/lib/thumb/v7e-m\libm.a(lib_a-s_sin.o)
 .ARM.attributes
                0x00000299       0x2e c:/ac6/systemworkbench/plugins/fr.ac6.mcu.externaltools.arm-none.win32_1.15.0.201708311556/tools/compiler/bin/../lib/gcc/arm-none-eabi/6.3.1/../../../../arm-none-eabi/lib/thumb/v7e-m\libm.a(lib_a-e_rem_pio2.o)
 .ARM.attributes
                0x000002c7       0x2e c:/ac6/systemworkbench/plugins/fr.ac6.mcu.externaltools.arm-none.win32_1.15.0.201708311556/tools/compiler/bin/../lib/gcc/arm-none-eabi/6.3.1/../../../../arm-none-eabi/lib/thumb/v7e-m\libm.a(lib_a-k_cos.o)
 .ARM.attributes
                0x000002f5       0x2e c:/ac6/systemworkbench/plugins/fr.ac6.mcu.externaltools.arm-none.win32_1.15.0.201708311556/tools/compiler/bin/../lib/gcc/arm-none-eabi/6.3.1/../../../../arm-none-eabi/lib/thumb/v7e-m\libm.a(lib_a-k_rem_pio2.o)
 .ARM.attributes
                0x00000323       0x2e c:/ac6/systemworkbench/plugins/fr.ac6.mcu.externaltools.arm-none.win32_1.15.0.201708311556/tools/compiler/bin/../lib/gcc/arm-none-eabi/6.3.1/../../../../arm-none-eabi/lib/thumb/v7e-m\libm.a(lib_a-k_sin.o)
 .ARM.attributes
                0x00000351       0x2e c:/ac6/systemworkbench/plugins/fr.ac6.mcu.externaltools.arm-none.win32_1.15.0.201708311556/tools/compiler/bin/../lib/gcc/arm-none-eabi/6.3.1/../../../../arm-none-eabi/lib/thumb/v7e-m\libm.a(lib_a-s_fabs.o)
 .ARM.attributes
                0x0000037f       0x2e c:/ac6/systemworkbench/plugins/fr.ac6.mcu.externaltools.arm-none.win32_1.15.0.201708311556/tools/compiler/bin/../lib/gcc/arm-none-eabi/6.3.1/../../../../arm-none-eabi/lib/thumb/v7e-m\libm.a(lib_a-s_floor.o)
 .ARM.attributes
                0x000003ad       0x2e c:/ac6/systemworkbench/plugins/fr.ac6.mcu.externaltools.arm-none.win32_1.15.0.201708311556/tools/compiler/bin/../lib/gcc/arm-none-eabi/6.3.1/../../../../arm-none-eabi/lib/thumb/v7e-m\libm.a(lib_a-s_scalbn.o)
 .ARM.attributes
                0x000003db       0x2e c:/ac6/systemworkbench/plugins/fr.ac6.mcu.externaltools.arm-none.win32_1.15.0.201708311556/tools/compiler/bin/../lib/gcc/arm-none-eabi/6.3.1/../../../../arm-none-eabi/lib/thumb/v7e-m\libm.a(lib_a-s_copysign.o)
 .ARM.attributes
                0x00000409       0x1e c:/ac6/systemworkbench/plugins/fr.ac6.mcu.externaltools.arm-none.win32_1.15.0.201708311556/tools/compiler/bin/../lib/gcc/arm-none-eabi/6.3.1/thumb/v7e-m\libgcc.a(_arm_addsubdf3.o)
 .ARM.attributes
                0x00000427       0x1e c:/ac6/systemworkbench/plugins/fr.ac6.mcu.externaltools.arm-none.win32_1.15.0.201708311556/tools/compiler/bin/../lib/gcc/arm-none-eabi/6.3.1/thumb/v7e-m\libgcc.a(_arm_muldivdf3.o)
 .ARM.attributes
                0x00000445       0x1e c:/ac6/systemworkbench/plugins/fr.ac6.mcu.externaltools.arm-none.win32_1.15.0.201708311556/tools/compiler/bin/../lib/gcc/arm-none-eabi/6.3.1/thumb/v7e-m\libgcc.a(_arm_cmpdf2.o)
 .ARM.attributes
                0x00000463       0x1e c:/ac6/systemworkbench/plugins/fr.ac6.mcu.externaltools.arm-none.win32_1.15.0.201708311556/tools/compiler/bin/../lib/gcc/arm-none-eabi/6.3.1/thumb/v7e-m\libgcc.a(_arm_fixdfsi.o)
 .ARM.attributes
                0x00000481       0x1e c:/ac6/systemworkbench/plugins/fr.ac6.mcu.externaltools.arm-none.win32_1.15.0.201708311556/tools/compiler/bin/../lib/gcc/arm-none-eabi/6.3.1/thumb/v7e-m\libgcc.a(_arm_fixunsdfsi.o)
 .ARM.attributes
                0x0000049f       0x2e c:/ac6/systemworkbench/plugins/fr.ac6.mcu.externaltools.arm-none.win32_1.15.0.201708311556/tools/compiler/bin/../lib/gcc/arm-none-eabi/6.3.1/../../../../arm-none-eabi/lib/thumb/v7e-m\libc.a(lib_a-errno.o)
 .ARM.attributes
                0x000004cd       0x2e c:/ac6/systemworkbench/plugins/fr.ac6.mcu.externaltools.arm-none.win32_1.15.0.201708311556/tools/compiler/bin/../lib/gcc/arm-none-eabi/6.3.1/../../../../arm-none-eabi/lib/thumb/v7e-m\libc.a(lib_a-impure.o)
 .ARM.attributes
                0x000004fb       0x2e c:/ac6/systemworkbench/plugins/fr.ac6.mcu.externaltools.arm-none.win32_1.15.0.201708311556/tools/compiler/bin/../lib/gcc/arm-none-eabi/6.3.1/../../../../arm-none-eabi/lib/thumb/v7e-m\libc.a(lib_a-init.o)
 .ARM.attributes
                0x00000529       0x2e c:/ac6/systemworkbench/plugins/fr.ac6.mcu.externaltools.arm-none.win32_1.15.0.201708311556/tools/compiler/bin/../lib/gcc/arm-none-eabi/6.3.1/../../../../arm-none-eabi/lib/thumb/v7e-m\libc.a(lib_a-malloc.o)
 .ARM.attributes
                0x00000557       0x2e c:/ac6/systemworkbench/plugins/fr.ac6.mcu.externaltools.arm-none.win32_1.15.0.201708311556/tools/compiler/bin/../lib/gcc/arm-none-eabi/6.3.1/../../../../arm-none-eabi/lib/thumb/v7e-m\libc.a(lib_a-mallocr.o)
 .ARM.attributes
                0x00000585       0x2e c:/ac6/systemworkbench/plugins/fr.ac6.mcu.externaltools.arm-none.win32_1.15.0.201708311556/tools/compiler/bin/../lib/gcc/arm-none-eabi/6.3.1/../../../../arm-none-eabi/lib/thumb/v7e-m\libc.a(lib_a-mlock.o)
 .ARM.attributes
                0x000005b3       0x2e c:/ac6/systemworkbench/plugins/fr.ac6.mcu.externaltools.arm-none.win32_1.15.0.201708311556/tools/compiler/bin/../lib/gcc/arm-none-eabi/6.3.1/../../../../arm-none-eabi/lib/thumb/v7e-m\libc.a(lib_a-sbrkr.o)
 .ARM.attributes
                0x000005e1       0x2e c:/ac6/systemworkbench/plugins/fr.ac6.mcu.externaltools.arm-none.win32_1.15.0.201708311556/tools/compiler/bin/../lib/gcc/arm-none-eabi/6.3.1/../../../../arm-none-eabi/lib/thumb/v7e-m\libc.a(lib_a-__call_atexit.o)
 .ARM.attributes
                0x0000060f       0x2e c:/ac6/systemworkbench/plugins/fr.ac6.mcu.externaltools.arm-none.win32_1.15.0.201708311556/tools/compiler/bin/../lib/gcc/arm-none-eabi/6.3.1/../../../../arm-none-eabi/lib/thumb/v7e-m\libc.a(lib_a-atexit.o)
 .ARM.attributes
                0x0000063d       0x2e c:/ac6/systemworkbench/plugins/fr.ac6.mcu.externaltools.arm-none.win32_1.15.0.201708311556/tools/compiler/bin/../lib/gcc/arm-none-eabi/6.3.1/../../../../arm-none-eabi/lib/thumb/v7e-m\libc.a(lib_a-fini.o)
 .ARM.attributes
                0x0000066b       0x2e c:/ac6/systemworkbench/plugins/fr.ac6.mcu.externaltools.arm-none.win32_1.15.0.201708311556/tools/compiler/bin/../lib/gcc/arm-none-eabi/6.3.1/../../../../arm-none-eabi/lib/thumb/v7e-m\libc.a(lib_a-freer.o)
 .ARM.attributes
                0x00000699       0x2e c:/ac6/systemworkbench/plugins/fr.ac6.mcu.externaltools.arm-none.win32_1.15.0.201708311556/tools/compiler/bin/../lib/gcc/arm-none-eabi/6.3.1/../../../../arm-none-eabi/lib/thumb/v7e-m\libc.a(lib_a-lock.o)
 .ARM.attributes
                0x000006c7       0x2e c:/ac6/systemworkbench/plugins/fr.ac6.mcu.externaltools.arm-none.win32_1.15.0.201708311556/tools/compiler/bin/../lib/gcc/arm-none-eabi/6.3.1/../../../../arm-none-eabi/lib/thumb/v7e-m\libc.a(lib_a-reent.o)
 .ARM.attributes
                0x000006f5       0x2e c:/ac6/systemworkbench/plugins/fr.ac6.mcu.externaltools.arm-none.win32_1.15.0.201708311556/tools/compiler/bin/../lib/gcc/arm-none-eabi/6.3.1/../../../../arm-none-eabi/lib/thumb/v7e-m\libc.a(lib_a-__atexit.o)
 .ARM.attributes
                0x00000723       0x1e c:/ac6/systemworkbench/plugins/fr.ac6.mcu.externaltools.arm-none.win32_1.15.0.201708311556/tools/compiler/bin/../lib/gcc/arm-none-eabi/6.3.1/thumb/v7e-m/crtn.o
OUTPUT(projekt1.elf elf32-littlearm)

.debug_info     0x00000000     0x7c6f
 .debug_info    0x00000000      0x551 StdPeriph_Driver/src/misc.o
 .debug_info    0x00000551      0x655 StdPeriph_Driver/src/stm32f4xx_dac.o
 .debug_info    0x00000ba6      0x629 StdPeriph_Driver/src/stm32f4xx_gpio.o
 .debug_info    0x000011cf      0xc76 StdPeriph_Driver/src/stm32f4xx_rcc.o
 .debug_info    0x00001e45     0x1c78 StdPeriph_Driver/src/stm32f4xx_tim.o
 .debug_info    0x00003abd      0x9d9 StdPeriph_Driver/src/stm32f4xx_usart.o
 .debug_info    0x00004496     0x1021 src/main.o
 .debug_info    0x000054b7      0xf2a src/syscalls.o
 .debug_info    0x000063e1      0x5d4 src/system_stm32f4xx.o
 .debug_info    0x000069b5     0x1251 src/tm_stm32f4_delay.o
 .debug_info    0x00007c06       0x69 startup/startup_stm32f4xx.o

.debug_abbrev   0x00000000     0x147f
 .debug_abbrev  0x00000000      0x175 StdPeriph_Driver/src/misc.o
 .debug_abbrev  0x00000175      0x194 StdPeriph_Driver/src/stm32f4xx_dac.o
 .debug_abbrev  0x00000309      0x1bb StdPeriph_Driver/src/stm32f4xx_gpio.o
 .debug_abbrev  0x000004c4      0x1fb StdPeriph_Driver/src/stm32f4xx_rcc.o
 .debug_abbrev  0x000006bf      0x19d StdPeriph_Driver/src/stm32f4xx_tim.o
 .debug_abbrev  0x0000085c      0x185 StdPeriph_Driver/src/stm32f4xx_usart.o
 .debug_abbrev  0x000009e1      0x30c src/main.o
 .debug_abbrev  0x00000ced      0x2aa src/syscalls.o
 .debug_abbrev  0x00000f97      0x15b src/system_stm32f4xx.o
 .debug_abbrev  0x000010f2      0x37b src/tm_stm32f4_delay.o
 .debug_abbrev  0x0000146d       0x12 startup/startup_stm32f4xx.o

.debug_aranges  0x00000000      0x8e0
 .debug_aranges
                0x00000000       0x40 StdPeriph_Driver/src/misc.o
 .debug_aranges
                0x00000040       0xa0 StdPeriph_Driver/src/stm32f4xx_dac.o
 .debug_aranges
                0x000000e0       0x88 StdPeriph_Driver/src/stm32f4xx_gpio.o
 .debug_aranges
                0x00000168      0x178 StdPeriph_Driver/src/stm32f4xx_rcc.o
 .debug_aranges
                0x000002e0      0x2f8 StdPeriph_Driver/src/stm32f4xx_tim.o
 .debug_aranges
                0x000005d8      0x100 StdPeriph_Driver/src/stm32f4xx_usart.o
 .debug_aranges
                0x000006d8       0x80 src/main.o
 .debug_aranges
                0x00000758       0xb0 src/syscalls.o
 .debug_aranges
                0x00000808       0x30 src/system_stm32f4xx.o
 .debug_aranges
                0x00000838       0x80 src/tm_stm32f4_delay.o
 .debug_aranges
                0x000008b8       0x28 startup/startup_stm32f4xx.o

.debug_ranges   0x00000000      0x838
 .debug_ranges  0x00000000       0x30 StdPeriph_Driver/src/misc.o
 .debug_ranges  0x00000030       0x90 StdPeriph_Driver/src/stm32f4xx_dac.o
 .debug_ranges  0x000000c0       0x78 StdPeriph_Driver/src/stm32f4xx_gpio.o
 .debug_ranges  0x00000138      0x168 StdPeriph_Driver/src/stm32f4xx_rcc.o
 .debug_ranges  0x000002a0      0x2e8 StdPeriph_Driver/src/stm32f4xx_tim.o
 .debug_ranges  0x00000588       0xf0 StdPeriph_Driver/src/stm32f4xx_usart.o
 .debug_ranges  0x00000678       0x70 src/main.o
 .debug_ranges  0x000006e8       0xa0 src/syscalls.o
 .debug_ranges  0x00000788       0x20 src/system_stm32f4xx.o
 .debug_ranges  0x000007a8       0x70 src/tm_stm32f4_delay.o
 .debug_ranges  0x00000818       0x20 startup/startup_stm32f4xx.o

.debug_macro    0x00000000    0x10d96
 .debug_macro   0x00000000      0x1c5 StdPeriph_Driver/src/misc.o
 .debug_macro   0x000001c5      0x8d4 StdPeriph_Driver/src/misc.o
 .debug_macro   0x00000a99       0x63 StdPeriph_Driver/src/misc.o
 .debug_macro   0x00000afc       0x35 StdPeriph_Driver/src/misc.o
 .debug_macro   0x00000b31       0x22 StdPeriph_Driver/src/misc.o
 .debug_macro   0x00000b53       0x87 StdPeriph_Driver/src/misc.o
 .debug_macro   0x00000bda       0x51 StdPeriph_Driver/src/misc.o
 .debug_macro   0x00000c2b       0xef StdPeriph_Driver/src/misc.o
 .debug_macro   0x00000d1a       0x6a StdPeriph_Driver/src/misc.o
 .debug_macro   0x00000d84      0x1df StdPeriph_Driver/src/misc.o
 .debug_macro   0x00000f63       0x18 StdPeriph_Driver/src/misc.o
 .debug_macro   0x00000f7b       0x42 StdPeriph_Driver/src/misc.o
 .debug_macro   0x00000fbd      0x8cb StdPeriph_Driver/src/misc.o
 .debug_macro   0x00001888     0x8057 StdPeriph_Driver/src/misc.o
 .debug_macro   0x000098df       0x16 StdPeriph_Driver/src/misc.o
 .debug_macro   0x000098f5      0x44e StdPeriph_Driver/src/misc.o
 .debug_macro   0x00009d43      0x3cf StdPeriph_Driver/src/misc.o
 .debug_macro   0x0000a112      0x111 StdPeriph_Driver/src/misc.o
 .debug_macro   0x0000a223      0x182 StdPeriph_Driver/src/misc.o
 .debug_macro   0x0000a3a5       0xb2 StdPeriph_Driver/src/misc.o
 .debug_macro   0x0000a457      0x146 StdPeriph_Driver/src/misc.o
 .debug_macro   0x0000a59d      0x477 StdPeriph_Driver/src/misc.o
 .debug_macro   0x0000aa14       0xac StdPeriph_Driver/src/misc.o
 .debug_macro   0x0000aac0      0x241 StdPeriph_Driver/src/misc.o
 .debug_macro   0x0000ad01      0x279 StdPeriph_Driver/src/misc.o
 .debug_macro   0x0000af7a       0xb5 StdPeriph_Driver/src/misc.o
 .debug_macro   0x0000b02f      0x265 StdPeriph_Driver/src/misc.o
 .debug_macro   0x0000b294      0x2b1 StdPeriph_Driver/src/misc.o
 .debug_macro   0x0000b545       0x64 StdPeriph_Driver/src/misc.o
 .debug_macro   0x0000b5a9       0xa6 StdPeriph_Driver/src/misc.o
 .debug_macro   0x0000b64f      0x538 StdPeriph_Driver/src/misc.o
 .debug_macro   0x0000bb87       0x40 StdPeriph_Driver/src/misc.o
 .debug_macro   0x0000bbc7      0x57a StdPeriph_Driver/src/misc.o
 .debug_macro   0x0000c141      0x341 StdPeriph_Driver/src/misc.o
 .debug_macro   0x0000c482      0x36a StdPeriph_Driver/src/misc.o
 .debug_macro   0x0000c7ec       0xdf StdPeriph_Driver/src/misc.o
 .debug_macro   0x0000c8cb      0x73b StdPeriph_Driver/src/misc.o
 .debug_macro   0x0000d006      0x220 StdPeriph_Driver/src/misc.o
 .debug_macro   0x0000d226       0x34 StdPeriph_Driver/src/misc.o
 .debug_macro   0x0000d25a       0x35 StdPeriph_Driver/src/misc.o
 .debug_macro   0x0000d28f       0x79 StdPeriph_Driver/src/misc.o
 .debug_macro   0x0000d308      0x1f4 StdPeriph_Driver/src/stm32f4xx_dac.o
 .debug_macro   0x0000d4fc      0x17c StdPeriph_Driver/src/stm32f4xx_dac.o
 .debug_macro   0x0000d678      0x1c3 StdPeriph_Driver/src/stm32f4xx_gpio.o
 .debug_macro   0x0000d83b      0x25f StdPeriph_Driver/src/stm32f4xx_gpio.o
 .debug_macro   0x0000da9a      0x267 StdPeriph_Driver/src/stm32f4xx_rcc.o
 .debug_macro   0x0000dd01      0x532 StdPeriph_Driver/src/stm32f4xx_rcc.o
 .debug_macro   0x0000e233      0x1ed StdPeriph_Driver/src/stm32f4xx_tim.o
 .debug_macro   0x0000e420      0x735 StdPeriph_Driver/src/stm32f4xx_tim.o
 .debug_macro   0x0000eb55      0x1db StdPeriph_Driver/src/stm32f4xx_usart.o
 .debug_macro   0x0000ed30      0x21a StdPeriph_Driver/src/stm32f4xx_usart.o
 .debug_macro   0x0000ef4a      0x1be src/main.o
 .debug_macro   0x0000f108       0x88 src/main.o
 .debug_macro   0x0000f190      0x236 src/syscalls.o
 .debug_macro   0x0000f3c6       0x52 src/syscalls.o
 .debug_macro   0x0000f418       0x8d src/syscalls.o
 .debug_macro   0x0000f4a5       0x35 src/syscalls.o
 .debug_macro   0x0000f4da       0x9c src/syscalls.o
 .debug_macro   0x0000f576       0x57 src/syscalls.o
 .debug_macro   0x0000f5cd      0x174 src/syscalls.o
 .debug_macro   0x0000f741      0x330 src/syscalls.o
 .debug_macro   0x0000fa71       0x58 src/syscalls.o
 .debug_macro   0x0000fac9       0x1f src/syscalls.o
 .debug_macro   0x0000fae8       0x43 src/syscalls.o
 .debug_macro   0x0000fb2b       0x20 src/syscalls.o
 .debug_macro   0x0000fb4b      0x187 src/syscalls.o
 .debug_macro   0x0000fcd2       0x10 src/syscalls.o
 .debug_macro   0x0000fce2       0x35 src/syscalls.o
 .debug_macro   0x0000fd17       0x10 src/syscalls.o
 .debug_macro   0x0000fd27       0x10 src/syscalls.o
 .debug_macro   0x0000fd37       0x10 src/syscalls.o
 .debug_macro   0x0000fd47       0x1c src/syscalls.o
 .debug_macro   0x0000fd63       0x52 src/syscalls.o
 .debug_macro   0x0000fdb5       0x40 src/syscalls.o
 .debug_macro   0x0000fdf5       0x10 src/syscalls.o
 .debug_macro   0x0000fe05       0x40 src/syscalls.o
 .debug_macro   0x0000fe45       0xd7 src/syscalls.o
 .debug_macro   0x0000ff1c       0x35 src/syscalls.o
 .debug_macro   0x0000ff51      0x122 src/syscalls.o
 .debug_macro   0x00010073       0x16 src/syscalls.o
 .debug_macro   0x00010089       0x16 src/syscalls.o
 .debug_macro   0x0001009f       0x29 src/syscalls.o
 .debug_macro   0x000100c8       0x10 src/syscalls.o
 .debug_macro   0x000100d8      0x241 src/syscalls.o
 .debug_macro   0x00010319       0x1c src/syscalls.o
 .debug_macro   0x00010335       0x10 src/syscalls.o
 .debug_macro   0x00010345       0x10 src/syscalls.o
 .debug_macro   0x00010355       0x16 src/syscalls.o
 .debug_macro   0x0001036b      0x18b src/syscalls.o
 .debug_macro   0x000104f6      0x159 src/syscalls.o
 .debug_macro   0x0001064f       0x16 src/syscalls.o
 .debug_macro   0x00010665       0x88 src/syscalls.o
 .debug_macro   0x000106ed      0x1e6 src/system_stm32f4xx.o
 .debug_macro   0x000108d3      0x29b src/tm_stm32f4_delay.o
 .debug_macro   0x00010b6e       0x58 src/tm_stm32f4_delay.o
 .debug_macro   0x00010bc6      0x10e src/tm_stm32f4_delay.o
 .debug_macro   0x00010cd4       0x8d src/tm_stm32f4_delay.o
 .debug_macro   0x00010d61       0x35 src/tm_stm32f4_delay.o

.debug_line     0x00000000     0x5441
 .debug_line    0x00000000      0x635 StdPeriph_Driver/src/misc.o
 .debug_line    0x00000635      0x740 StdPeriph_Driver/src/stm32f4xx_dac.o
 .debug_line    0x00000d75      0x74d StdPeriph_Driver/src/stm32f4xx_gpio.o
 .debug_line    0x000014c2      0x993 StdPeriph_Driver/src/stm32f4xx_rcc.o
 .debug_line    0x00001e55      0xeaf StdPeriph_Driver/src/stm32f4xx_tim.o
 .debug_line    0x00002d04      0x892 StdPeriph_Driver/src/stm32f4xx_usart.o
 .debug_line    0x00003596      0x9fb src/main.o
 .debug_line    0x00003f91      0x5d4 src/syscalls.o
 .debug_line    0x00004565      0x650 src/system_stm32f4xx.o
 .debug_line    0x00004bb5      0x811 src/tm_stm32f4_delay.o
 .debug_line    0x000053c6       0x7b startup/startup_stm32f4xx.o

.debug_str      0x00000000    0x5e127
 .debug_str     0x00000000    0x55f4a StdPeriph_Driver/src/misc.o
                              0x560ec (size before relaxing)
 .debug_str     0x00055f4a      0x398 StdPeriph_Driver/src/stm32f4xx_dac.o
                              0x56250 (size before relaxing)
 .debug_str     0x000562e2      0x2fa StdPeriph_Driver/src/stm32f4xx_gpio.o
                              0x56197 (size before relaxing)
 .debug_str     0x000565dc      0xb03 StdPeriph_Driver/src/stm32f4xx_rcc.o
                              0x56a18 (size before relaxing)
 .debug_str     0x000570df      0xc2f StdPeriph_Driver/src/stm32f4xx_tim.o
                              0x56b8b (size before relaxing)
 .debug_str     0x00057d0e      0x53a StdPeriph_Driver/src/stm32f4xx_usart.o
                              0x564a7 (size before relaxing)
 .debug_str     0x00058248      0x9d2 src/main.o
                              0x56cea (size before relaxing)
 .debug_str     0x00058c1a     0x5148 src/syscalls.o
                               0x7d44 (size before relaxing)
 .debug_str     0x0005dd62       0xd7 src/system_stm32f4xx.o
                              0x560d2 (size before relaxing)
 .debug_str     0x0005de39      0x2ee src/tm_stm32f4_delay.o
                              0x59779 (size before relaxing)

.comment        0x00000000       0x7f
 .comment       0x00000000       0x7f StdPeriph_Driver/src/misc.o
                                 0x80 (size before relaxing)
 .comment       0x0000007f       0x80 StdPeriph_Driver/src/stm32f4xx_dac.o
 .comment       0x0000007f       0x80 StdPeriph_Driver/src/stm32f4xx_gpio.o
 .comment       0x0000007f       0x80 StdPeriph_Driver/src/stm32f4xx_rcc.o
 .comment       0x0000007f       0x80 StdPeriph_Driver/src/stm32f4xx_tim.o
 .comment       0x0000007f       0x80 StdPeriph_Driver/src/stm32f4xx_usart.o
 .comment       0x0000007f       0x80 src/main.o
 .comment       0x0000007f       0x80 src/syscalls.o
 .comment       0x0000007f       0x80 src/system_stm32f4xx.o
 .comment       0x0000007f       0x80 src/tm_stm32f4_delay.o

.debug_frame    0x00000000     0x2e40
 .debug_frame   0x00000000       0xd8 StdPeriph_Driver/src/misc.o
 .debug_frame   0x000000d8      0x2ac StdPeriph_Driver/src/stm32f4xx_dac.o
 .debug_frame   0x00000384      0x23c StdPeriph_Driver/src/stm32f4xx_gpio.o
 .debug_frame   0x000005c0      0x6d4 StdPeriph_Driver/src/stm32f4xx_rcc.o
 .debug_frame   0x00000c94      0xe54 StdPeriph_Driver/src/stm32f4xx_tim.o
 .debug_frame   0x00001ae8      0x490 StdPeriph_Driver/src/stm32f4xx_usart.o
 .debug_frame   0x00001f78      0x1ec src/main.o
 .debug_frame   0x00002164      0x2d4 src/syscalls.o
 .debug_frame   0x00002438       0x7c src/system_stm32f4xx.o
 .debug_frame   0x000024b4      0x1ec src/tm_stm32f4_delay.o
 .debug_frame   0x000026a0       0x38 c:/ac6/systemworkbench/plugins/fr.ac6.mcu.externaltools.arm-none.win32_1.15.0.201708311556/tools/compiler/bin/../lib/gcc/arm-none-eabi/6.3.1/../../../../arm-none-eabi/lib/thumb/v7e-m\libm.a(lib_a-s_sin.o)
 .debug_frame   0x000026d8       0x48 c:/ac6/systemworkbench/plugins/fr.ac6.mcu.externaltools.arm-none.win32_1.15.0.201708311556/tools/compiler/bin/../lib/gcc/arm-none-eabi/6.3.1/../../../../arm-none-eabi/lib/thumb/v7e-m\libm.a(lib_a-e_rem_pio2.o)
 .debug_frame   0x00002720       0x4c c:/ac6/systemworkbench/plugins/fr.ac6.mcu.externaltools.arm-none.win32_1.15.0.201708311556/tools/compiler/bin/../lib/gcc/arm-none-eabi/6.3.1/../../../../arm-none-eabi/lib/thumb/v7e-m\libm.a(lib_a-k_cos.o)
 .debug_frame   0x0000276c       0x50 c:/ac6/systemworkbench/plugins/fr.ac6.mcu.externaltools.arm-none.win32_1.15.0.201708311556/tools/compiler/bin/../lib/gcc/arm-none-eabi/6.3.1/../../../../arm-none-eabi/lib/thumb/v7e-m\libm.a(lib_a-k_rem_pio2.o)
 .debug_frame   0x000027bc       0x48 c:/ac6/systemworkbench/plugins/fr.ac6.mcu.externaltools.arm-none.win32_1.15.0.201708311556/tools/compiler/bin/../lib/gcc/arm-none-eabi/6.3.1/../../../../arm-none-eabi/lib/thumb/v7e-m\libm.a(lib_a-k_sin.o)
 .debug_frame   0x00002804       0x20 c:/ac6/systemworkbench/plugins/fr.ac6.mcu.externaltools.arm-none.win32_1.15.0.201708311556/tools/compiler/bin/../lib/gcc/arm-none-eabi/6.3.1/../../../../arm-none-eabi/lib/thumb/v7e-m\libm.a(lib_a-s_fabs.o)
 .debug_frame   0x00002824       0x34 c:/ac6/systemworkbench/plugins/fr.ac6.mcu.externaltools.arm-none.win32_1.15.0.201708311556/tools/compiler/bin/../lib/gcc/arm-none-eabi/6.3.1/../../../../arm-none-eabi/lib/thumb/v7e-m\libm.a(lib_a-s_floor.o)
 .debug_frame   0x00002858       0x30 c:/ac6/systemworkbench/plugins/fr.ac6.mcu.externaltools.arm-none.win32_1.15.0.201708311556/tools/compiler/bin/../lib/gcc/arm-none-eabi/6.3.1/../../../../arm-none-eabi/lib/thumb/v7e-m\libm.a(lib_a-s_scalbn.o)
 .debug_frame   0x00002888       0x20 c:/ac6/systemworkbench/plugins/fr.ac6.mcu.externaltools.arm-none.win32_1.15.0.201708311556/tools/compiler/bin/../lib/gcc/arm-none-eabi/6.3.1/../../../../arm-none-eabi/lib/thumb/v7e-m\libm.a(lib_a-s_copysign.o)
 .debug_frame   0x000028a8       0xac c:/ac6/systemworkbench/plugins/fr.ac6.mcu.externaltools.arm-none.win32_1.15.0.201708311556/tools/compiler/bin/../lib/gcc/arm-none-eabi/6.3.1/thumb/v7e-m\libgcc.a(_arm_addsubdf3.o)
 .debug_frame   0x00002954       0x50 c:/ac6/systemworkbench/plugins/fr.ac6.mcu.externaltools.arm-none.win32_1.15.0.201708311556/tools/compiler/bin/../lib/gcc/arm-none-eabi/6.3.1/thumb/v7e-m\libgcc.a(_arm_muldivdf3.o)
 .debug_frame   0x000029a4       0xc4 c:/ac6/systemworkbench/plugins/fr.ac6.mcu.externaltools.arm-none.win32_1.15.0.201708311556/tools/compiler/bin/../lib/gcc/arm-none-eabi/6.3.1/thumb/v7e-m\libgcc.a(_arm_cmpdf2.o)
 .debug_frame   0x00002a68       0x24 c:/ac6/systemworkbench/plugins/fr.ac6.mcu.externaltools.arm-none.win32_1.15.0.201708311556/tools/compiler/bin/../lib/gcc/arm-none-eabi/6.3.1/thumb/v7e-m\libgcc.a(_arm_fixdfsi.o)
 .debug_frame   0x00002a8c       0x24 c:/ac6/systemworkbench/plugins/fr.ac6.mcu.externaltools.arm-none.win32_1.15.0.201708311556/tools/compiler/bin/../lib/gcc/arm-none-eabi/6.3.1/thumb/v7e-m\libgcc.a(_arm_fixunsdfsi.o)
 .debug_frame   0x00002ab0       0x20 c:/ac6/systemworkbench/plugins/fr.ac6.mcu.externaltools.arm-none.win32_1.15.0.201708311556/tools/compiler/bin/../lib/gcc/arm-none-eabi/6.3.1/../../../../arm-none-eabi/lib/thumb/v7e-m\libc.a(lib_a-errno.o)
 .debug_frame   0x00002ad0       0x2c c:/ac6/systemworkbench/plugins/fr.ac6.mcu.externaltools.arm-none.win32_1.15.0.201708311556/tools/compiler/bin/../lib/gcc/arm-none-eabi/6.3.1/../../../../arm-none-eabi/lib/thumb/v7e-m\libc.a(lib_a-init.o)
 .debug_frame   0x00002afc       0x30 c:/ac6/systemworkbench/plugins/fr.ac6.mcu.externaltools.arm-none.win32_1.15.0.201708311556/tools/compiler/bin/../lib/gcc/arm-none-eabi/6.3.1/../../../../arm-none-eabi/lib/thumb/v7e-m\libc.a(lib_a-malloc.o)
 .debug_frame   0x00002b2c       0x58 c:/ac6/systemworkbench/plugins/fr.ac6.mcu.externaltools.arm-none.win32_1.15.0.201708311556/tools/compiler/bin/../lib/gcc/arm-none-eabi/6.3.1/../../../../arm-none-eabi/lib/thumb/v7e-m\libc.a(lib_a-mallocr.o)
 .debug_frame   0x00002b84       0x30 c:/ac6/systemworkbench/plugins/fr.ac6.mcu.externaltools.arm-none.win32_1.15.0.201708311556/tools/compiler/bin/../lib/gcc/arm-none-eabi/6.3.1/../../../../arm-none-eabi/lib/thumb/v7e-m\libc.a(lib_a-mlock.o)
 .debug_frame   0x00002bb4       0x2c c:/ac6/systemworkbench/plugins/fr.ac6.mcu.externaltools.arm-none.win32_1.15.0.201708311556/tools/compiler/bin/../lib/gcc/arm-none-eabi/6.3.1/../../../../arm-none-eabi/lib/thumb/v7e-m\libc.a(lib_a-sbrkr.o)
 .debug_frame   0x00002be0       0x5c c:/ac6/systemworkbench/plugins/fr.ac6.mcu.externaltools.arm-none.win32_1.15.0.201708311556/tools/compiler/bin/../lib/gcc/arm-none-eabi/6.3.1/../../../../arm-none-eabi/lib/thumb/v7e-m\libc.a(lib_a-__call_atexit.o)
 .debug_frame   0x00002c3c       0x20 c:/ac6/systemworkbench/plugins/fr.ac6.mcu.externaltools.arm-none.win32_1.15.0.201708311556/tools/compiler/bin/../lib/gcc/arm-none-eabi/6.3.1/../../../../arm-none-eabi/lib/thumb/v7e-m\libc.a(lib_a-atexit.o)
 .debug_frame   0x00002c5c       0x34 c:/ac6/systemworkbench/plugins/fr.ac6.mcu.externaltools.arm-none.win32_1.15.0.201708311556/tools/compiler/bin/../lib/gcc/arm-none-eabi/6.3.1/../../../../arm-none-eabi/lib/thumb/v7e-m\libc.a(lib_a-fini.o)
 .debug_frame   0x00002c90       0x74 c:/ac6/systemworkbench/plugins/fr.ac6.mcu.externaltools.arm-none.win32_1.15.0.201708311556/tools/compiler/bin/../lib/gcc/arm-none-eabi/6.3.1/../../../../arm-none-eabi/lib/thumb/v7e-m\libc.a(lib_a-freer.o)
 .debug_frame   0x00002d04       0xb0 c:/ac6/systemworkbench/plugins/fr.ac6.mcu.externaltools.arm-none.win32_1.15.0.201708311556/tools/compiler/bin/../lib/gcc/arm-none-eabi/6.3.1/../../../../arm-none-eabi/lib/thumb/v7e-m\libc.a(lib_a-lock.o)
 .debug_frame   0x00002db4       0x58 c:/ac6/systemworkbench/plugins/fr.ac6.mcu.externaltools.arm-none.win32_1.15.0.201708311556/tools/compiler/bin/../lib/gcc/arm-none-eabi/6.3.1/../../../../arm-none-eabi/lib/thumb/v7e-m\libc.a(lib_a-reent.o)
 .debug_frame   0x00002e0c       0x34 c:/ac6/systemworkbench/plugins/fr.ac6.mcu.externaltools.arm-none.win32_1.15.0.201708311556/tools/compiler/bin/../lib/gcc/arm-none-eabi/6.3.1/../../../../arm-none-eabi/lib/thumb/v7e-m\libc.a(lib_a-__atexit.o)
